../Src/main.c:84:5:main	8	static
../Src/main.c:140:6:SystemClock_Config	128	static
../Src/main.c:190:13:MX_SPI1_Init	8	static
../Src/main.c:230:13:MX_TIM1_Init	96	static
../Src/main.c:300:13:MX_TIM15_Init	96	static
../Src/main.c:370:13:MX_UART4_Init	8	static
../Src/main.c:405:13:MX_USB_PCD_Init	8	static
../Src/main.c:436:13:MX_GPIO_Init	48	static
../Src/main.c:497:9:run	40	static
../Src/main.c:559:9:direction	16	static
../Src/main.c:590:9:homing	32	static
../Src/main.c:663:10:CRC16_calc	32	static
../Src/main.c:684:9:DataRecive	16	static
../Src/main.c:725:9:proceed	56	static
../Src/main.c:830:6:Error_Handler	4	static,ignoring_inline_asm
