../Src/main.c:98:5:main	8	static
../Src/main.c:172:6:SystemClock_Config	128	static
../Src/main.c:222:13:MX_SPI1_Init	8	static
../Src/main.c:262:13:MX_TIM1_Init	96	static
../Src/main.c:332:13:MX_TIM15_Init	96	static
../Src/main.c:402:13:MX_UART4_Init	8	static
../Src/main.c:437:13:MX_USB_PCD_Init	8	static
../Src/main.c:468:13:MX_GPIO_Init	48	static
../Src/main.c:529:9:run	40	static
../Src/main.c:591:9:direction	16	static
../Src/main.c:622:9:homing	32	static
../Src/main.c:696:10:CRC16_calc	32	static
../Src/main.c:717:9:DataRecive	16	static
../Src/main.c:757:9:proceed	40	static
../Src/main.c:808:6:Error_Handler	4	static,ignoring_inline_asm
