../Src/stm32f3xx_hal_msp.c:65:6:HAL_MspInit	8	static
../Src/stm32f3xx_hal_msp.c:90:6:HAL_SPI_MspInit	40	static
../Src/stm32f3xx_hal_msp.c:128:6:HAL_SPI_MspDeInit	0	static
../Src/stm32f3xx_hal_msp.c:158:6:HAL_TIM_PWM_MspInit	16	static
../Src/stm32f3xx_hal_msp.c:191:6:HAL_TIM_MspPostInit	40	static
../Src/stm32f3xx_hal_msp.c:244:6:HAL_TIM_PWM_MspDeInit	0	static
../Src/stm32f3xx_hal_msp.c:297:6:HAL_UART_MspInit	40	static
../Src/stm32f3xx_hal_msp.c:337:6:HAL_UART_MspDeInit	8	static
../Src/stm32f3xx_hal_msp.c:368:6:HAL_PCD_MspInit	48	static
../Src/stm32f3xx_hal_msp.c:405:6:HAL_PCD_MspDeInit	0	static
